registry map: 93 entries   locale layer: 189 rules
== front -> translation/drafts/front_v3.md + current  (source sha256 82ac581010c1)
== part_1 -> translation/drafts/part_1_v3.md + current  (source sha256 28d76a66eff8)
== ch_01 -> translation/drafts/ch_01_v3.md + current  (source sha256 a76383e58f1a)
   registry  一七和一八跑道 -> 17号和18号跑道  (x1)
   registry  史坦蒙斯 -> 斯特蒙斯  (x1)
   registry  最后进场 -> 进近  (x1)
   registry  葡萄藤 -> 格雷普韦恩  (x1)
   registry  沃斯堡 -> 沃思堡  (x1)
   registry  重聚塔 -> 重逢塔  (x1)
   registry  三一河 -> 特里尼蒂河  (x1)
   registry  降落灯 -> 着陆灯  (x1)
   registry  后照镜 -> 后视镜  (x1)
   registry  识别证 -> 工牌  (x1)
   registry  笔电 -> 笔记本电脑  (x1)
   registry  呎 -> 英尺  (x1)
   layer     感应器 -> 传感器  (x1)
== ch_02 -> translation/drafts/ch_02_v3.md + current  (source sha256 78a62d3751d4)
   registry  ## 二、史坦蒙斯 -> ## 二、斯特蒙斯  (x1)
   registry  卡本特高速公路 -> 卡彭特高速公路  (x1)
   registry  D 航厦 -> D 航站楼  (x2)
   registry  史坦蒙斯 -> 斯特蒙斯  (x2)
   registry  木兰大楼 -> 木兰大厦  (x1)
   registry  艾瑞丝 -> 艾丽丝  (x2)
   registry  重聚塔 -> 重逢塔  (x1)
   registry  泛洪道 -> 泄洪道  (x1)
   registry  希斯洛 -> 希思罗  (x3)
   registry  降落灯 -> 着陆灯  (x1)
   registry  后照镜 -> 后视镜  (x1)
   registry  大头贴 -> 头像  (x1)
   registry  黛娜 -> 达娜  (x2)
   registry  助理 -> 助手  (x1)
   registry  进场 -> 进近  (x2)
   registry  栅栏 -> 道闸  (x2)
   registry  班机 -> 航班  (x1)
   registry  想像 -> 想象  (x1)
   layer     演示文稿 -> 汇报  (x1)
   layer     煞车 -> 刹车  (x1)
   layer     饭店 -> 酒店  (x1)
   layer     保险杆 -> 保险杠  (x1)
   layer     喷射机 -> 喷气机  (x1)
   layer     Las Colinas -> 拉斯科利纳斯  (x1)
   layer     那间酒店 -> 那家酒店  (x1)
   layer     灯号一变 -> 信号灯一变  (x1)
== ch_03 -> translation/drafts/ch_03_v3.md + current  (source sha256 aa61f0cc3df4)
   registry  已到登机门 -> 已到登机口  (x1)
   registry  D 航厦 -> D 航站楼  (x1)
   registry  可以落地 -> 可以着陆  (x1)
   registry  证照查验 -> 边检  (x1)
   registry  希斯洛 -> 希思罗  (x1)
   registry  登机门 -> 登机口  (x1)
   registry  航厦 -> 航站楼  (x3)
   registry  空桥 -> 廊桥  (x1)
   registry  看板 -> 航班信息屏  (x1)
   registry  呎 -> 英尺  (x1)
   layer     手机等候停车场 -> 手机等候停车场  (x1)
   layer     磨石子地板 -> 水磨石地面  (x1)
   layer     自动贩卖机 -> 自动售货机  (x1)
   layer     铁卷门 -> 卷帘门  (x1)
   layer     厢型车 -> 商务车  (x1)
   layer     橘色 -> 橙色  (x1)
   layer     一则空白的备忘录 -> 一个空白的备忘录  (x1)
   layer     行李提领区 -> 行李提取处  (x1)
   layer     一颗气球 -> 一个气球  (x1)
== ch_04 -> translation/drafts/ch_04_v3.md + current  (source sha256 3c1b6b30c40e)
   registry  黛娜 -> 达娜  (x2)
   registry  德州 -> 得州  (x1)
== ch_05 -> translation/drafts/ch_05_v3.md + current  (source sha256 c3ad930d1a9f)
   registry  ## 五、卡本特高速公路 -> ## 五、卡彭特高速公路  (x1)
   registry  黛娜说要请你吃饭 -> 达娜说要请你吃饭  (x1)
   registry  过路费自己记 -> 过路费自动记  (x1)
   registry  违抗黛娜 -> 违抗达娜  (x1)
   registry  艾瑞丝 -> 艾丽丝  (x1)
   registry  重聚塔 -> 重逢塔  (x1)
   registry  后照镜 -> 后视镜  (x1)
   registry  最德州 -> 最得州  (x1)
   registry  黛娜 -> 达娜  (x1)
   registry  德州 -> 得州  (x1)
   layer     饭店 -> 酒店  (x2)
   layer     Las Colinas -> 拉斯科利纳斯  (x1)
   layer     一间餐厅 -> 一家餐厅  (x1)
   layer     最近有找到什么好的吗 -> 最近有没有找到什么好的  (x1)
   layer     就被资遣 -> 就被辞退  (x1)
== ch_06 -> translation/drafts/ch_06_v3.md + current  (source sha256 f4c862dd0d4e)
   registry  会议中心 -> 会展中心  (x1)
   registry  服务生 -> 服务员  (x2)
   registry  三一河 -> 特里尼蒂河  (x1)
   registry  希斯洛 -> 希思罗  (x2)
   registry  黛娜 -> 达娜  (x2)
   registry  领台 -> 领位  (x1)
   registry  里兹 -> 利兹  (x1)
   registry  进场 -> 进近  (x1)
   registry  班机 -> 航班  (x1)
   registry  管线 -> 管道  (x1)
   registry  转帐 -> 转账  (x1)
   registry  捐血 -> 献血  (x1)
   layer     拷贝 -> 复制  (x1)
   layer     演示文稿 -> 汇报  (x3)
   layer re  /(?<!蚊)帐(?!篷)/ -> 账  (x1)
   layer     饭店 -> 酒店  (x1)
   layer     尖峰 -> 高峰  (x1)
   layer     桌巾 -> 桌布  (x4)
   layer     领钱 -> 拿钱  (x1)
   layer     感应器 -> 传感器  (x1)
   layer     传消息 -> 发消息  (x1)
   layer     一支电量剩 -> 一部电量只剩  (x1)
   layer     一声喀 -> 一声咔嗒  (x2)
   layer     会有差吗 -> 会有区别吗  (x1)
   layer     对它有差 -> 对它有区别  (x1)
   layer     是有差的 -> 是有区别的  (x1)
== ch_07 -> translation/drafts/ch_07_v3.md + current  (source sha256 98e147a01d94)
   registry  警卫 -> 保安  (x1)
   registry  呎 -> 英尺  (x1)
   layer     饭店 -> 酒店  (x1)
== ch_08 -> translation/drafts/ch_08_v3.md + current  (source sha256 88b11dd9a159)
   registry  艾瑞丝 -> 艾丽丝  (x1)
== ch_09 -> translation/drafts/ch_09_v3.md + current  (source sha256 883af824211b)
   registry  ## 九、史坦蒙斯，再一次 -> ## 九、斯特蒙斯，再一次  (x1)
   registry  史坦蒙斯 -> 斯特蒙斯  (x1)
   registry  重聚塔 -> 重逢塔  (x1)
   registry  泛洪道 -> 泄洪道  (x1)
   registry  后照镜 -> 后视镜  (x1)
   registry  仪表板 -> 仪表盘  (x1)
   layer     一支手机 -> 一部手机  (x1)
== part_2 -> translation/drafts/part_2_v3.md + current  (source sha256 cbfa3ee7d779)
== ch_10 -> translation/drafts/ch_10_v3.md + current  (source sha256 cef5bb9742ab)
   registry  最后一班伦敦班机 -> 最后一班伦敦航班  (x1)
   registry  答应我的是德州 -> 答应我的是得州  (x1)
   registry  另一个德州 -> 另一个得州  (x1)
   registry  这就是德州 -> 这就是得州  (x1)
   registry  D 航厦 -> D 航站楼  (x1)
   registry  是沙盒 -> 是沙箱  (x1)
   registry  班机 -> 航班  (x1)
   layer     投视频 -> 幻灯片  (x1)
   layer     设置档 -> 配置文件  (x1)
   layer     柜台 -> 前台  (x1)
   layer     饭店 -> 酒店  (x1)
   layer     Deep Ellum -> 深艾勒姆  (x1)
   layer     那间酒店 -> 那家酒店  (x1)
== ch_11 -> translation/drafts/ch_11_v3.md + current  (source sha256 fc42d1f2854d)
   registry  科斯特利兹 -> 科斯特利茨  (x1)
   registry  搆到多远 -> 够到多远  (x1)
   registry  克耳文 -> 开尔文  (x1)
   registry  空调箱 -> 空调机组  (x1)
   registry  黛娜 -> 达娜  (x2)
   registry  沙盒 -> 沙箱  (x2)
   registry  搆 -> 够  (x1)
   layer     超导体数组 -> 超导体阵列  (x1)
   layer re  /(?<![\w])调度上/ -> 排期上  (x1)
   layer     饭店 -> 酒店  (x1)
   layer     束带 -> 扎带  (x1)
   layer     刷证 -> 刷卡  (x1)
   layer     Podcast -> 播客  (x1)
   layer     七〇年代 -> 七十年代  (x1)
   layer     排期上用我的名字 -> 排期表上用的是我的名字  (x1)
== ch_12 -> translation/drafts/ch_12_v3.md + current  (source sha256 65197dcaee32)
   registry  ## 十二、纪录带 -> ## 十二、记录带  (x1)
   registry  凄凉的记帐 -> 凄凉的记账  (x1)
   registry  银行对帐单 -> 银行对账单  (x1)
   registry  识别证 -> 工牌  (x1)
   registry  空调箱 -> 空调机组  (x1)
   registry  分页表 -> 页表  (x1)
   registry  进场 -> 进近  (x1)
   registry  看板 -> 航班信息屏  (x1)
   registry  围篱 -> 围栏  (x1)
   registry  班机 -> 航班  (x2)
   registry  程序 -> 进程  (x1)
   registry  纪录 -> 记录  (x3)
   registry  想像 -> 想象  (x3)
   registry  记帐 -> 记账  (x2)
   registry  杂讯 -> 噪声  (x3)
   registry  搆 -> 够  (x2)
   layer     作梦 -> 做梦  (x2)
   layer     核心进程 -> 内核  (x1)
   layer re  /卷(?=动|过|到)/ -> 滚  (x6)
   layer re  /往(上|下)卷/ -> 往\1滚  (x2)
== ch_13 -> translation/drafts/ch_13_v3.md + current  (source sha256 d2f82a9c858e)
   registry  停着的时候它是纪录 -> 停着的时候它是记录  (x1)
   registry  卡本特高速公路 -> 卡彭特高速公路  (x1)
   registry  D 航厦 -> D 航站楼  (x1)
   registry  史坦蒙斯 -> 斯特蒙斯  (x1)
   registry  葡萄藤 -> 格雷普韦恩  (x1)
   registry  双黄灯 -> 双闪  (x1)
   registry  最德州 -> 最得州  (x1)
   registry  航厦 -> 航站楼  (x1)
   registry  栅栏 -> 道闸  (x1)
   registry  笔电 -> 笔记本电脑  (x1)
   registry  纪录 -> 记录  (x2)
   layer     接驳车 -> 摆渡车  (x1)
   layer     传消息 -> 发消息  (x1)
   layer     整台车 -> 整辆车  (x2)
   layer     另一台车 -> 另一辆车  (x1)
   layer     一颗硬盘 -> 一块硬盘  (x1)
== ch_14 -> translation/drafts/ch_14_v3.md + current  (source sha256 9604be3ac7c1)
   registry  卡本特高速公路 -> 卡彭特高速公路  (x1)
   registry  识别证 -> 工牌  (x1)
   registry  警卫 -> 保安  (x1)
   registry  栅栏 -> 道闸  (x1)
   registry  笔电 -> 笔记本电脑  (x2)
   registry  纪录 -> 记录  (x1)
   layer     感应器 -> 传感器  (x1)
== part_3 -> translation/drafts/part_3_v3.md + current  (source sha256 7eec380c8643)
== ch_15 -> translation/drafts/ch_15_v3.md + current  (source sha256 93b769512fd6)
   registry  纪录带 -> 记录带  (x1)
   registry  十兆年 -> 十万亿年  (x1)
== ch_16 -> translation/drafts/ch_16_v3.md + current  (source sha256 f0c6ea9cb45a)
   registry  识别证 = 保管人 -> 工牌 = 保管人  (x1)
   registry  艾瑞丝 -> 艾丽丝  (x4)
   registry  沃斯堡 -> 沃思堡  (x1)
   registry  黛娜 -> 达娜  (x2)
   registry  讯 -> 消息  (x2)
   layer     拷贝 -> 复制  (x1)
   layer     应答机 -> 应答机  (x1)
   layer     传消息 -> 发消息  (x2)
   layer     LAS COLINAS -> 拉斯科利纳斯  (x1)
   layer     对它有差 -> 对它有区别  (x2)
   rows      block 1: 11 row(s) re-padded to the zh-Hant columns
   rows      block 3: 1 row(s) re-padded to the zh-Hant columns
   rows      block 4: 1 row(s) re-padded to the zh-Hant columns
== ch_17 -> translation/drafts/ch_17_v3.md + current  (source sha256 433f6653e3ad)
   registry  作梦中：重型机，NE，七点 -> 做梦中：重型机，NE，七点  (x1)
   registry  达拉斯北区 -> 达拉斯北部  (x1)
   registry  艾瑞丝 -> 艾丽丝  (x4)
   registry  重播自 -> 回放自  (x1)
   registry  讯 -> 消息  (x2)
   layer     传消息 -> 发消息  (x2)
   rows      block 3: 4 row(s) re-padded to the zh-Hant columns
== ch_18 -> translation/drafts/ch_18_v3.md + current  (source sha256 1e85a4d13515)
   registry  达拉斯北区 -> 达拉斯北部  (x1)
   registry  艾瑞丝 -> 艾丽丝  (x1)
   registry  纪录带 -> 记录带  (x1)
   layer     传消息 -> 发消息  (x1)
   layer     对我会有差 -> 对我会有区别  (x1)
